{"type":"apply","operator":{"type":"word","name":"do"},"args":[{"type":"apply","operator":{"type":"word","name":"def"},"args":[{"type":"word","name":"b"},{"type":"value","value":5}]},{"type":"apply","operator":{"type":"word","name":"print"},"args":[{"type":"apply","operator":{"type":"word","name":"+"},"args":[{"type":"word","name":"b"},{"type":"value","value":1}]}]}]}
6
6
